// Jest Snapshot v1, https://goo.gl/fbAQLP

exports[`Button Component should renders \`Button Component\` module correctly 1`] = `ShallowWrapper {}`;

exports[`Button Component should renders correctly 1`] = `
<View
  accessible={true}
  collapsable={false}
  focusable={true}
  onClick={[Function]}
  onResponderGrant={[Function]}
  onResponderMove={[Function]}
  onResponderRelease={[Function]}
  onResponderTerminate={[Function]}
  onResponderTerminationRequest={[Function]}
  onStartShouldSetResponder={[Function]}
  style={
    Object {
      "alignItems": "center",
      "alignSelf": "center",
      "backdropFilter": "blur(12px)",
      "backgroundColor": "rgba(54,163,136,1)",
      "borderColor": "rgba(252,252,252,0.5)",
      "borderRadius": 8,
      "borderStyle": "solid",
      "borderWidth": 1,
      "bottom": "2%",
      "display": "flex",
      "elevation": 2,
      "flexDirection": "row",
      "justifyContent": "center",
      "marginHorizontal": "15%",
      "opacity": 1,
      "paddingHorizontal": "5%",
      "paddingVertical": "3%",
      "position": "absolute",
      "shadowColor": "rgba(160,163,189,0.16)",
      "shadowOffset": Object {
        "height": 16,
        "width": 0,
      },
    }
  }
  testID="btn"
>
  <Text
    style={
      Object {
        "color": "rgba(252,252,252,1)",
        "flex": 1,
        "fontFamily": "CircularStd-Medium",
        "fontSize": 18,
        "fontWeight": "500",
        "justifyContent": "center",
        "lineHeight": 24,
        "textAlign": "center",
      }
    }
  >
    Make Master
  </Text>
</View>
`;
